// Vitest Snapshot v1, https://vitest.dev/guide/snapshot.html

exports[`theme > should match the snapshot (theme haven't changed) 1`] = `
{
  "borderRadius": {
    "radii": {
      "2xl": ".75rem",
      "3xl": "1rem",
      "base": "0.125rem",
      "full": "9999px",
      "lg": "0.5rem",
      "md": "0.25rem",
      "none": "0",
      "sm": "0.0625rem",
      "xl": "0.375rem",
    },
  },
  "colors": {
    "background": {
      "500": "hsl(220, 23%, 96%)",
    },
    "black": {
      "500": "hsl(212, 81%, 4%)",
    },
    "card": {
      "500": "hsl(0, 0%, 100%)",
    },
    "error": "#ab1c21",
    "gray": {
      "100": "hsl(210, 14%, 91%)",
      "200": "hsl(213, 13%, 83%)",
      "25": "hsl(210, 14%, 96%)",
      "300": "hsl(212, 13%, 74%)",
      "400": "hsl(211, 13%, 66%)",
      "50": "hsl(210, 14%, 91%)",
      "500": "hsl(212, 13%, 57%)",
      "600": "hsl(211, 13%, 48%)",
      "700": "hsl(211, 19%, 40%)",
      "800": "hsl(211, 23%, 31%)",
      "900": "hsl(211, 28%, 23%)",
    },
    "green": {
      "100": "hsl(158, 34%, 87%)",
      "200": "hsl(159, 33%, 75%)",
      "300": "hsl(158, 33%, 62%)",
      "400": "hsl(158, 33%, 50%)",
      "50": "hsl(158, 34%, 92%)",
      "500": "hsl(158, 56%, 37%)",
      "600": "hsl(158, 55%, 30%)",
      "700": "hsl(158, 56%, 22%)",
      "800": "hsl(159, 55%, 15%)",
      "900": "hsl(158, 58%, 7%)",
    },
    "orange": {
      "100": "hsl(40, 93%, 83%)",
      "200": "hsl(40, 93%, 77%)",
      "300": "hsl(40, 92%, 70%)",
      "400": "hsl(40, 92%, 64%)",
      "50": "hsl(40, 93%, 92%)",
      "500": "hsl(40, 93%, 58%)",
      "600": "hsl(40, 68%, 49%)",
      "700": "hsl(40, 68%, 40%)",
      "800": "hsl(40, 68%, 32%)",
      "900": "hsl(40, 68%, 23%)",
    },
    "page": {
      "500": "hsl(0, 0%, 100%)",
    },
    "placeholder": "hsl(213, 13%, 83%)",
    "primary": {
      "100": "hsl(213, 82%, 39%)",
      "200": "hsl(211, 82%, 34%)",
      "25": "hsl(213, 88%, 98%)",
      "300": "hsl(211, 80%, 30%)",
      "400": "hsl(211, 79%, 22%)",
      "50": "hsl(213, 82%, 92%)",
      "500": "hsl(211, 77%, 14%)",
      "600": "hsl(211, 77%, 12%)",
      "700": "hsl(211, 77%, 11%)",
      "800": "hsl(211, 77%, 8%)",
      "900": "hsl(210, 77%, 5%)",
    },
    "progress": "#4299e1",
    "red": {
      "100": "hsl(357, 62%, 78%)",
      "200": "hsl(358, 62%, 70%)",
      "25": "hsl(357, 62%, 97%)",
      "300": "hsl(358, 61%, 62%)",
      "400": "hsl(358, 62%, 54%)",
      "50": "hsl(357, 62%, 92%)",
      "500": "hsl(358, 72%, 46%)",
      "600": "hsl(358, 72%, 39%)",
      "700": "hsl(358, 72%, 32%)",
      "800": "hsl(358, 72%, 25%)",
      "900": "hsl(357, 72%, 18%)",
    },
    "secondary": {
      "100": "hsl(169, 57%, 95%)",
      "200": "hsl(171, 55%, 83%)",
      "300": "hsl(171, 56%, 72%)",
      "400": "hsl(171, 56%, 61%)",
      "50": "hsl(169, 57%, 95%)",
      "500": "hsl(171, 56%, 47%)",
      "600": "hsl(171, 56%, 39%)",
      "700": "hsl(172, 56%, 28%)",
      "800": "hsl(171, 55%, 17%)",
      "900": "hsl(173, 57%, 5%)",
    },
    "success": "#227758",
    "warning": "hsl(40, 93%, 58%)",
    "white": {
      "500": "hsl(0, 0%, 100%)",
    },
  },
  "components": {
    "Alert": {
      "baseStyle": {
        "container": {
          "borderRadius": "base",
          "shadow": "xs",
        },
      },
    },
    "Button": {
      "baseStyle": {
        "borderRadius": "sm",
        "fontFamily": "var(--font-family)",
        "fontWeight": "bold",
        "letterSpacing": "calc(1rem * 0.025)",
        "textTransform": "capitalize",
      },
      "defaultProps": {
        "colorScheme": "primary",
        "size": "sm",
        "variant": "solid",
      },
      "variants": {
        "ghost": {
          "_active": {
            "background": "var(--chakra-colors-primary-50)",
            "boxShadow": "var(--chakra-shadows-inner)",
          },
          "_disabled": {
            "_hover": {
              "boxShadow": "var(--chakra-shadows-none)",
            },
            "boxShadow": "var(--chakra-shadows-none)",
          },
          "_hover": {
            "boxShadow": "var(--chakra-shadows-md)",
          },
        },
        "outline": {
          "_active": {
            "background": "var(--chakra-colors-primary-50)",
            "boxShadow": "var(--chakra-shadows-inner)",
          },
          "_disabled": {
            "_hover": {
              "boxShadow": "var(--chakra-shadows-none)",
            },
            "boxShadow": "var(--chakra-shadows-none)",
          },
          "_hover": {
            "boxShadow": "var(--chakra-shadows-md)",
          },
          "boxShadow": "var(--chakra-shadows-sm)",
        },
        "solid": {
          "_active": {
            "background": "var(--chakra-colors-primary-50)",
            "boxShadow": "var(--chakra-shadows-inner)",
          },
          "_disabled": {
            "_hover": {
              "boxShadow": "var(--chakra-shadows-none)",
            },
            "boxShadow": "var(--chakra-shadows-none)",
          },
          "_hover": {
            "boxShadow": "var(--chakra-shadows-md)",
          },
          "boxShadow": "var(--chakra-shadows-sm)",
        },
      },
    },
    "Code": {
      "baseStyle": {
        "border": "1px",
        "borderColor": "gray.300",
        "paddingX": "1",
      },
    },
    "FormControl": {
      "baseStyle": {
        "helperText": {
          "color": "red.800",
          "fontWeight": "normal",
        },
      },
    },
    "FormLabel": {
      "baseStyle": {
        "color": "hsl(211, 23%, 31%)",
        "fontFamily": "var(--font-family)",
        "fontSize": ".75rem",
        "fontWeight": "bold",
        "letterSpacing": "calc(0.75rem * 0.05)",
        "lineHeight": "130%",
        "marginBottom": "xs",
        "textTransform": "uppercase",
      },
    },
    "Input": {
      "parts": [
        "addon",
        "field",
        "element",
        "group",
      ],
      "sizes": {
        "lg": {
          "addon": {
            "borderRadius": "0.125rem",
            "fontSize": ".75rem",
            "h": 10,
          },
          "element": {
            "borderRadius": "0.125rem",
            "fontSize": ".75rem",
            "h": 10,
          },
          "field": {
            "borderRadius": "0.125rem",
            "fontSize": "md",
            "h": 10,
          },
          "group": {
            "--input-height": "sizes.10",
          },
        },
        "md": {
          "addon": {
            "borderRadius": "0.125rem",
            "fontSize": ".75rem",
            "h": 8,
          },
          "element": {
            "borderRadius": "0.125rem",
            "fontSize": ".75rem",
            "h": 8,
          },
          "field": {
            "borderRadius": "0.125rem",
            "fontSize": "sm",
            "h": 8,
          },
          "group": {
            "--input-height": "sizes.8",
          },
        },
        "sm": {
          "addon": {
            "borderRadius": "0.125rem",
            "fontSize": ".75rem",
            "h": 7,
          },
          "element": {
            "borderRadius": "0.125rem",
            "fontSize": ".75rem",
            "h": 7,
          },
          "field": {
            "borderRadius": "0.125rem",
            "fontSize": "sm",
            "h": 7,
          },
          "group": {
            "--input-height": "sizes.7",
          },
        },
      },
    },
    "Modal": {
      "baseStyle": {
        "dialog": {
          "backgroundColor": "var(--chakra-colors-white-500)",
        },
      },
    },
    "Select": {
      "defaultProps": {
        "size": "md",
      },
      "sizes": {
        "md": {
          "field": {
            "borderRadius": "0.125rem",
            "fontSize": "sm",
            "h": 8,
          },
        },
      },
    },
    "Table": {
      "sizes": {
        "md": {
          "caption": {
            "fontSize": "xs",
            "px": "4",
            "py": "2",
          },
          "td": {
            "fontSize": "sm",
            "lineHeight": "4",
            "px": "4",
            "py": "2",
          },
          "th": {
            "fontSize": "xs",
            "lineHeight": "4",
            "px": "4",
            "py": "1",
          },
        },
        "sm": {
          "td": {
            "fontSize": "sm",
            "lineHeight": "1",
            "px": "2",
            "py": "px",
          },
          "th": {
            "fontSize": "xs",
            "lineHeight": "4",
            "px": "4",
            "py": "1",
          },
        },
      },
    },
  },
  "fonts": {
    "body": "var(--font-family)",
    "heading": "var(--font-family)",
    "subHeading": "var(--font-family)",
  },
  "space": {
    "base": "calc(1 * 1em)",
    "lg": "calc(2 * 1em)",
    "md": "calc(1.25 * 1em)",
    "none": 0,
    "px": "1px",
    "sm": "calc(0.75 * 1em)",
    "xl": "calc(3.25 * 1em)",
    "xs": "calc(0.5 * 1em)",
    "xxl": "calc(5.25 * 1em)",
    "xxs": "calc(0.25 * 1em)",
  },
  "textStyles": {
    "body": {
      "color": "hsl(211, 28%, 23%)",
      "fontFamily": "var(--font-family)",
      "fontSize": "1rem",
      "fontWeight": "500",
      "letterSpacing": "calc(1rem * 0.015)",
      "lineHeight": "160%",
    },
    "button": {
      "fontFamily": "var(--font-family)",
      "fontSize": ".95rem",
      "fontWeight": "bold",
      "letterSpacing": "calc(1rem * 0.025)",
      "lineHeight": "160%",
      "textTransform": "capitalize",
    },
    "h1": {
      "color": "hsl(211, 77%, 14%)",
      "fontFamily": "var(--font-family)",
      "fontSize": "2.5rem",
      "fontWeight": "bold",
      "letterSpacing": "calc(-0.015 * 2.5rem)",
      "lineHeight": "130%",
    },
    "h2": {
      "color": "hsl(211, 79%, 22%)",
      "fontFamily": "var(--font-family)",
      "fontSize": "2rem",
      "fontWeight": "500",
      "letterSpacing": "calc(-0.005 * 2rem)",
      "lineHeight": "130%",
    },
    "h3": {
      "color": "hsl(211, 80%, 30%)",
      "fontFamily": "var(--font-family)",
      "fontSize": "1.75rem",
      "fontWeight": "500",
      "letterSpacing": "default",
      "lineHeight": "130%",
    },
    "h4": {
      "color": "hsl(211, 82%, 34%)",
      "fontFamily": "var(--font-family)",
      "fontSize": "1.5rem",
      "fontWeight": "normal",
      "letterSpacing": "calc(0.0025 * 1.5rem)",
      "lineHeight": "130%",
    },
    "h5": {
      "color": "hsl(211, 82%, 34%)",
      "fontFamily": "var(--font-family)",
      "fontSize": "1.2rem",
      "fontWeight": "normal",
      "letterSpacing": "calc(0.015 * 3rem)",
      "lineHeight": "130%",
    },
    "label": {
      "color": "hsl(211, 23%, 31%)",
      "fontFamily": "var(--font-family)",
      "fontSize": ".75rem",
      "fontWeight": "bold",
      "letterSpacing": "calc(0.75rem * 0.05)",
      "lineHeight": "130%",
      "textTransform": "uppercase",
    },
  },
}
`;
